<html>
<body>
<pre>
<h1>µVision Build Log</h1>
<h2>Project:</h2>
D:\github\onenet\stm32\ESP8266_EDP_Picture\Project\onenetdemo.uvproj
Project File Date:  10/15/2016

<h2>Output:</h2>
Rebuild target 'ESP8266_Picture'
compiling core_cm3.c...
compiling system_stm32f10x.c...
assembling startup_stm32f10x_hd.s...
compiling main.c...
compiling stm32f10x_it.c...
compiling misc.c...
compiling stm32f10x_exti.c...
compiling stm32f10x_flash.c...
compiling stm32f10x_gpio.c...
compiling stm32f10x_i2c.c...
compiling stm32f10x_rcc.c...
compiling stm32f10x_usart.c...
compiling usart1.c...
compiling usart2.c...
compiling EdpKit.c...
compiling EdpDemo.c...
compiling cJSON.c...
compiling utils.c...
compiling esp8266.c...
linking...
Program Size: Code=27542 RO-data=3826 RW-data=76 ZI-data=3076  
"..\object\onenetdemo.axf" - 0 Error(s), 0 Warning(s).
Rebuild target 'ESP8266_Picture'
compiling core_cm3.c...
compiling system_stm32f10x.c...
assembling startup_stm32f10x_hd.s...
compiling main.c...
..\User\main.c(9): warning:  #9-D: nested comment is not allowed
compiling stm32f10x_it.c...
compiling misc.c...
compiling stm32f10x_exti.c...
compiling stm32f10x_flash.c...
compiling stm32f10x_gpio.c...
compiling stm32f10x_i2c.c...
compiling stm32f10x_rcc.c...
compiling stm32f10x_usart.c...
compiling usart1.c...
compiling usart2.c...
compiling EdpKit.c...
compiling EdpDemo.c...
compiling cJSON.c...
compiling utils.c...
compiling esp8266.c...
linking...
Program Size: Code=27542 RO-data=3826 RW-data=76 ZI-data=3076  
"..\object\onenetdemo.axf" - 0 Error(s), 1 Warning(s).
Rebuild target 'ESP8266_Picture'
compiling core_cm3.c...
compiling system_stm32f10x.c...
assembling startup_stm32f10x_hd.s...
compiling main.c...
..\User\main.c(28): warning:  #9-D: nested comment is not allowed
..\User\main.c(38): error:  #20: identifier "cJSON" is undefined
..\User\main.c(38): error:  #20: identifier "desc_json" is undefined
..\User\main.c(39): error:  #268: declaration may not appear after executable statement in block
..\User\main.c(40): error:  #20: identifier "EdpPacket" is undefined
..\User\main.c(40): error:  #20: identifier "send_pkg" is undefined
..\User\main.c(42): warning:  #223-D: function "USART1_Config" declared implicitly
..\User\main.c(43): warning:  #223-D: function "USART2_Config" declared implicitly
..\User\main.c(45): warning:  #223-D: function "mDelay" declared implicitly
..\User\main.c(47): warning:  #223-D: function "ESP8266_Init" declared implicitly
..\User\main.c(48): warning:  #223-D: function "printf" declared implicitly
..\User\main.c(51): warning:  #223-D: function "PacketConnect1" declared implicitly
..\User\main.c(51): error:  #20: identifier "DEV_ID" is undefined
..\User\main.c(51): error:  #20: identifier "API_KEY" is undefined
..\User\main.c(52): error:  #20: identifier "NULL" is undefined
..\User\main.c(58): warning:  #223-D: function "USART2_Write" declared implicitly
..\User\main.c(58): error:  #20: identifier "USART2" is undefined
..\User\main.c(58): error:  #20: identifier "uint8_t" is undefined
..\User\main.c(58): error:  #29: expected an expression
..\User\main.c(59): warning:  #223-D: function "hexdump" declared implicitly
..\User\main.c(60): warning:  #223-D: function "DeleteBuffer" declared implicitly
..\User\main.c(65): warning:  #223-D: function "cJSON_Parse" declared implicitly
..\User\main.c(70): error:  #20: identifier "p" is undefined
..\User\main.c(70): error:  #29: expected an expression
..\User\main.c(70): error:  #65: expected a ";"
..\User\main.c(71): error:  #268: declaration may not appear after executable statement in block
..\User\main.c(71): error:  #20: identifier "int32_t" is undefined
..\User\main.c(71): error:  #20: identifier "image" is undefined
..\User\main.c(76): warning:  #223-D: function "PacketSavedataBin" declared implicitly
..\User\main.c(76): error:  #757: "uint8_t" is not a type name
..\User\main.c(83): error:  #29: expected an expression
..\User\main.c(92): error:  #20: identifier "PKT_SIZE" is undefined
..\User\main.c(107): warning:  #223-D: function "USART2_Clear" declared implicitly
compiling stm32f10x_it.c...
compiling misc.c...
compiling stm32f10x_exti.c...
compiling stm32f10x_flash.c...
compiling stm32f10x_gpio.c...
compiling stm32f10x_i2c.c...
compiling stm32f10x_rcc.c...
compiling stm32f10x_usart.c...
compiling usart1.c...
compiling usart2.c...
compiling EdpKit.c...
compiling EdpDemo.c...
compiling cJSON.c...
compiling utils.c...
compiling esp8266.c...
Target not created
Build target 'ESP8266_Picture'
compiling main.c...
..\User\main.c(28): warning:  #9-D: nested comment is not allowed
..\User\main.c(38): error:  #20: identifier "cJSON" is undefined
..\User\main.c(38): error:  #20: identifier "desc_json" is undefined
..\User\main.c(39): error:  #268: declaration may not appear after executable statement in block
..\User\main.c(40): error:  #20: identifier "EdpPacket" is undefined
..\User\main.c(40): error:  #20: identifier "send_pkg" is undefined
..\User\main.c(42): warning:  #223-D: function "USART1_Config" declared implicitly
..\User\main.c(43): warning:  #223-D: function "USART2_Config" declared implicitly
..\User\main.c(45): warning:  #223-D: function "mDelay" declared implicitly
..\User\main.c(47): warning:  #223-D: function "ESP8266_Init" declared implicitly
..\User\main.c(48): warning:  #223-D: function "printf" declared implicitly
..\User\main.c(51): warning:  #223-D: function "PacketConnect1" declared implicitly
..\User\main.c(51): error:  #20: identifier "DEV_ID" is undefined
..\User\main.c(51): error:  #20: identifier "API_KEY" is undefined
..\User\main.c(52): error:  #20: identifier "NULL" is undefined
..\User\main.c(58): warning:  #223-D: function "USART2_Write" declared implicitly
..\User\main.c(58): error:  #20: identifier "USART2" is undefined
..\User\main.c(58): error:  #20: identifier "uint8_t" is undefined
..\User\main.c(58): error:  #29: expected an expression
..\User\main.c(59): warning:  #223-D: function "hexdump" declared implicitly
..\User\main.c(60): warning:  #223-D: function "DeleteBuffer" declared implicitly
..\User\main.c(65): warning:  #223-D: function "cJSON_Parse" declared implicitly
..\User\main.c(70): error:  #20: identifier "p" is undefined
..\User\main.c(70): error:  #29: expected an expression
..\User\main.c(70): error:  #65: expected a ";"
..\User\main.c(71): error:  #268: declaration may not appear after executable statement in block
..\User\main.c(71): error:  #20: identifier "int32_t" is undefined
..\User\main.c(71): error:  #20: identifier "image" is undefined
..\User\main.c(76): warning:  #223-D: function "PacketSavedataBin" declared implicitly
..\User\main.c(76): error:  #757: "uint8_t" is not a type name
..\User\main.c(83): error:  #29: expected an expression
..\User\main.c(92): error:  #20: identifier "PKT_SIZE" is undefined
..\User\main.c(107): warning:  #223-D: function "USART2_Clear" declared implicitly
Target not created
Rebuild target 'ESP8266_Picture'
compiling core_cm3.c...
compiling system_stm32f10x.c...
assembling startup_stm32f10x_hd.s...
compiling main.c...
compiling stm32f10x_it.c...
compiling misc.c...
compiling stm32f10x_exti.c...
compiling stm32f10x_flash.c...
compiling stm32f10x_gpio.c...
compiling stm32f10x_i2c.c...
compiling stm32f10x_rcc.c...
compiling stm32f10x_usart.c...
compiling usart1.c...
compiling usart2.c...
compiling EdpKit.c...
compiling EdpDemo.c...
compiling cJSON.c...
compiling utils.c...
compiling esp8266.c...
linking...
Program Size: Code=27542 RO-data=3826 RW-data=76 ZI-data=3076  
"..\object\onenetdemo.axf" - 0 Error(s), 0 Warning(s).
Rebuild target 'ESP8266_Picture'
compiling core_cm3.c...
compiling system_stm32f10x.c...
assembling startup_stm32f10x_hd.s...
compiling main.c...
compiling stm32f10x_it.c...
compiling misc.c...
compiling stm32f10x_exti.c...
compiling stm32f10x_flash.c...
compiling stm32f10x_gpio.c...
compiling stm32f10x_i2c.c...
compiling stm32f10x_rcc.c...
compiling stm32f10x_usart.c...
compiling usart1.c...
compiling usart2.c...
compiling EdpKit.c...
compiling EdpDemo.c...
compiling cJSON.c...
compiling utils.c...
compiling esp8266.c...
linking...
Program Size: Code=27542 RO-data=3826 RW-data=76 ZI-data=3076  
"..\object\onenetdemo.axf" - 0 Error(s), 0 Warning(s).
Rebuild target 'ESP8266_Picture'
compiling core_cm3.c...
compiling system_stm32f10x.c...
assembling startup_stm32f10x_hd.s...
compiling main.c...
compiling stm32f10x_it.c...
compiling misc.c...
compiling stm32f10x_exti.c...
compiling stm32f10x_flash.c...
compiling stm32f10x_gpio.c...
compiling stm32f10x_i2c.c...
compiling stm32f10x_rcc.c...
compiling stm32f10x_usart.c...
compiling usart1.c...
compiling usart2.c...
compiling EdpKit.c...
compiling EdpDemo.c...
compiling cJSON.c...
compiling utils.c...
compiling esp8266.c...
linking...
Program Size: Code=27542 RO-data=3826 RW-data=76 ZI-data=3076  
"..\object\onenetdemo.axf" - 0 Error(s), 0 Warning(s).
Load "..\\object\\onenetdemo.AXF" 
Erase Done.
Programming Done.
Verify OK.
